// Jest Snapshot v1, https://goo.gl/fbAQLP

exports[`<GazerCard /> renders correctly 1`] = `
<View
  style={
    Object {
      "backgroundColor": "#374151",
      "borderRadius": 6,
      "display": "flex",
      "flexDirection": "row",
      "marginBottom": 8,
      "marginTop": 8,
      "paddingBottom": 16,
      "paddingLeft": 16,
      "paddingRight": 16,
      "paddingTop": 16,
    }
  }
>
  <Image
    source={
      Object {
        "uri": "https://placekitten.com/200/300",
      }
    }
    style={
      Object {
        "aspectRatio": 1,
        "borderRadius": 9999,
      }
    }
  />
  <Text
    style={
      Object {
        "color": "gray",
        "fontSize": 22,
        "marginLeft": 15,
      }
    }
  >
    lorem
  </Text>
</View>
`;

exports[`<gazerCard /> renders at all 1`] = `
<View
  style={
    Object {
      "backgroundColor": "#374151",
      "borderRadius": 6,
      "display": "flex",
      "flexDirection": "row",
      "marginBottom": 8,
      "marginTop": 8,
      "paddingBottom": 16,
      "paddingLeft": 16,
      "paddingRight": 16,
      "paddingTop": 16,
    }
  }
>
  <Image
    source={
      Object {
        "uri": "https://placekitten.com/200/300",
      }
    }
    style={
      Object {
        "aspectRatio": 1,
        "borderRadius": 9999,
      }
    }
  />
  <Text
    style={
      Object {
        "color": "gray",
        "fontSize": 22,
        "marginLeft": 15,
      }
    }
  >
    lorem
  </Text>
</View>
`;

exports[`<gazerCard /> renders correctly 1`] = `
<View
  style={
    Object {
      "backgroundColor": "#374151",
      "borderRadius": 6,
      "display": "flex",
      "flexDirection": "row",
      "marginBottom": 8,
      "marginTop": 8,
      "paddingBottom": 16,
      "paddingLeft": 16,
      "paddingRight": 16,
      "paddingTop": 16,
    }
  }
>
  <Image
    source={
      Object {
        "uri": "https://placekitten.com/200/300",
      }
    }
    style={
      Object {
        "aspectRatio": 1,
        "borderRadius": 9999,
      }
    }
  />
  <Text
    style={
      Object {
        "color": "gray",
        "fontSize": 22,
        "marginLeft": 15,
      }
    }
  >
    lorem
  </Text>
</View>
`;
