// Jest Snapshot v1, https://goo.gl/fbAQLP

exports[`<Navbar/> renders correctly 1`] = `
<View
  style={
    Array [
      Object {
        "alignItems": "center",
        "borderRadius": 6,
        "display": "flex",
        "flexDirection": "row",
        "justifyContent": "space-between",
        "marginBottom": 12,
        "paddingBottom": 4,
        "paddingLeft": 20,
        "paddingRight": 20,
        "paddingTop": 4,
        "textAlign": "center",
        "width": "100%",
      },
    ]
  }
>
  <View
    collapsable={false}
    style={
      Object {
        "transform": Array [
          Object {
            "scale": 1,
          },
        ],
        "width": "auto",
      }
    }
  >
    <View
      accessible={true}
      activeOpacity={1}
      collapsable={false}
      focusable={true}
      onBlur={[Function]}
      onClick={[Function]}
      onFocus={[Function]}
      onResponderGrant={[Function]}
      onResponderMove={[Function]}
      onResponderRelease={[Function]}
      onResponderTerminate={[Function]}
      onResponderTerminationRequest={[Function]}
      onStartShouldSetResponder={[Function]}
      style={
        Object {
          "alignItems": "center",
          "borderRadius": 6,
          "display": "flex",
        }
      }
    >
      <View
        style={
          Object {
            "alignItems": "center",
            "backgroundColor": "#374151",
            "borderRadius": 6,
            "display": "flex",
            "justifyContent": "center",
            "paddingBottom": 16,
            "paddingLeft": 16,
            "paddingRight": 16,
            "paddingTop": 16,
            "width": "100%",
          }
        }
        testID="BackButton"
      >
        <Text />
      </View>
    </View>
  </View>
  <Text
    style={
      Object {
        "color": "gray",
        "fontSize": 20,
      }
    }
    testID="barText"
  />
  <View
    collapsable={false}
    style={
      Object {
        "transform": Array [
          Object {
            "scale": 1,
          },
        ],
        "width": "auto",
      }
    }
  >
    <View
      accessible={true}
      activeOpacity={1}
      collapsable={false}
      focusable={true}
      onBlur={[Function]}
      onClick={[Function]}
      onFocus={[Function]}
      onResponderGrant={[Function]}
      onResponderMove={[Function]}
      onResponderRelease={[Function]}
      onResponderTerminate={[Function]}
      onResponderTerminationRequest={[Function]}
      onStartShouldSetResponder={[Function]}
      style={
        Object {
          "alignItems": "center",
          "borderRadius": 6,
          "display": "flex",
        }
      }
    >
      <View
        style={
          Object {
            "alignItems": "center",
            "backgroundColor": "#374151",
            "borderRadius": 6,
            "display": "flex",
            "justifyContent": "center",
            "paddingBottom": 16,
            "paddingLeft": 16,
            "paddingRight": 16,
            "paddingTop": 16,
            "width": "100%",
          }
        }
        testID="GearButton"
      >
        <Text />
      </View>
    </View>
  </View>
</View>
`;
