// Jest Snapshot v1, https://goo.gl/fbAQLP

exports[`<NoGazers/> renders correctly 1`] = `
<View
  style={
    Object {
      "alignItems": "center",
      "display": "flex",
      "height": "100%",
      "justifyContent": "flex-start",
      "paddingTop": 60,
      "width": "100%",
    }
  }
>
  <Text />
  <Text
    style={
      Object {
        "color": "gray",
        "fontSize": 35,
        "fontStyle": "italic",
        "fontWeight": "bold",
      }
    }
  >
    No Stargazers?
  </Text>
</View>
`;
