// Jest Snapshot v1, https://goo.gl/fbAQLP

exports[`<NoGazers/> renders correctly 1`] = `
<View
  style={
    Object {
      "alignItems": "center",
      "bottom": 0,
      "justifyContent": "center",
      "left": 0,
      "position": "absolute",
      "right": 0,
      "top": 0,
    }
  }
  textId="noGazers"
>
  <Text />
  <Text
    style={
      Object {
        "color": "gray",
        "fontSize": 35,
        "fontStyle": "italic",
        "fontWeight": "bold",
      }
    }
  >
    No Stargazers?
  </Text>
</View>
`;
